Flutter crash report.
Please report a bug at https://github.com/flutter/flutter/issues.

## command

flutter build hap --debug

## exception

ProcessException: ProcessException: The command failed with exit code 1
  Command: hvigorw assembleHap -p product=default -p buildMode=debug --no-daemon -p FLUTTER_TARGET=lib\main.dart -p TARGET_PLATFORM=ohos-arm64 -p DART_OBFUSCATION=false -p TRACK_WIDGET_CREATION=true -p TREE_SHAKE_ICONS=false -p PACKAGE_CONFIG=D:\Trade\app\.dart_tool\package_config.json

```
#0      RunResult.throwException (package:flutter_tools/src/base/process.dart:122:5)
#1      _DefaultProcessUtils.runSync (package:flutter_tools/src/base/process.dart:524:17)
#2      hvigorwTask (package:flutter_tools/src/ohos/hvigor.dart:135:41)
#3      assembleHap (package:flutter_tools/src/ohos/hvigor.dart:159:10)
#4      OhosHvigorBuilder.buildHap (package:flutter_tools/src/ohos/hvigor.dart:419:33)
<asynchronous suspension>
#5      BuildHapCommand.runCommand (package:flutter_tools/src/commands/build_hap.dart:71:5)
<asynchronous suspension>
#6      FlutterCommand.run.<anonymous closure> (package:flutter_tools/src/runner/flutter_command.dart:1450:27)
<asynchronous suspension>
#7      AppContext.run.<anonymous closure> (package:flutter_tools/src/base/context.dart:153:19)
<asynchronous suspension>
#8      CommandRunner.runCommand (package:args/command_runner.dart:212:13)
<asynchronous suspension>
#9      FlutterCommandRunner.runCommand.<anonymous closure> (package:flutter_tools/src/runner/flutter_command_runner.dart:421:9)
<asynchronous suspension>
#10     AppContext.run.<anonymous closure> (package:flutter_tools/src/base/context.dart:153:19)
<asynchronous suspension>
#11     FlutterCommandRunner.runCommand (package:flutter_tools/src/runner/flutter_command_runner.dart:364:5)
<asynchronous suspension>
#12     run.<anonymous closure>.<anonymous closure> (package:flutter_tools/runner.dart:131:9)
<asynchronous suspension>
#13     AppContext.run.<anonymous closure> (package:flutter_tools/src/base/context.dart:153:19)
<asynchronous suspension>
#14     main (package:flutter_tools/executable.dart:94:3)
<asynchronous suspension>
```

## flutter doctor

```
[!] Flutter (Channel [user-branch], 3.27.5-ohos-1.0.7, on Microsoft Windows [版本 10.0.19045.6466], locale zh-CN)
    ! Flutter version 3.27.5-ohos-1.0.7 on channel [user-branch] at D:\dev\flutter_ohos327
      Currently on an unknown channel. Run `flutter channel` to switch to an official channel.
      If that doesn't fix the issue, reinstall Flutter by following instructions at https://flutter.dev/setup.
    ! Upstream repository unknown source is not a standard remote.
      Set environment variable "FLUTTER_GIT_URL" to unknown source to dismiss this error.
    • Framework revision 6e545c2ce6 (6 weeks ago), 2026-07-17 17:08:29 +0800
    • Engine revision e672b006cb
    • Dart version 3.6.2
    • DevTools version 2.40.0
    • Pub download mirror https://pub.flutter-io.cn
    • Flutter download mirror https://storage.flutter-io.cn
    • If those were intentional, you can disregard the above warnings; however it is recommended to use "git" directly to perform update checks and upgrades.

[✗] HarmonyOS toolchain - develop for HarmonyOS devices
    • OpenHarmony Sdk at D:\DevEco Studio\sdk, available api versions has [24:default]
    ✗ Ohpm is missing, please configure "ohpm" to the environment variable PATH.
    • Node version v18.20.1
    • Hvigorw binary at D:\DevEco Studio\tools\hvigor\bin\hvigorw

[✓] Windows Version (Installed version of Windows is version 10 or higher)

[✗] Android toolchain - develop for Android devices
    ✗ Unable to locate Android SDK.
      Install Android Studio from: https://developer.android.com/studio/index.html
      On first launch it will assist you in installing the Android SDK components.
      (or visit https://flutter.dev/to/windows-android-setup for detailed instructions).
      If the Android SDK has been installed to a custom location, please use
      `flutter config --android-sdk` to update to that location.


[✗] Chrome - develop for the web (Cannot find Chrome executable at .\Google\Chrome\Application\chrome.exe)
    ! Cannot find Chrome. Try setting CHROME_EXECUTABLE to a Chrome executable.

[✗] Visual Studio - develop Windows apps
    ✗ Visual Studio not installed; this is necessary to develop Windows apps.
      Download at https://visualstudio.microsoft.com/downloads/.
      Please install the "Desktop development with C++" workload, including all of its default components

[!] Android Studio (not installed)
    • Android Studio not found; download from https://developer.android.com/studio/index.html
      (or visit https://flutter.dev/to/windows-android-setup for detailed instructions).

[✓] Connected device (2 available)
    • Windows (desktop) • windows • windows-x64    • Microsoft Windows [版本 10.0.19045.6466]
    • Edge (web)        • edge    • web-javascript • Microsoft Edge 151.0.4129.107

[!] Network resources
    ✗ A network error occurred while checking "https://github.com/": 信号灯超时时间已到


! Doctor found issues in 7 categories.
```
